
In the command from line 10,

ERROR: Method returned user-defined error code 16.


In the command from line 23,

ERROR: Method returned user-defined error code 14.


In the command from line 40,

ERROR: Method returned user-defined error code 14.


In the command from line 56,

ERROR: Method returned user-defined error code 14.


In the command from line 86,

ERROR: Method returned user-defined error code 1009.


In the command from line 87,

ERROR: Method returned user-defined error code 1009.


In the command from line 93,

ERROR: Method returned user-defined error code 16.

